#-----------------------------------------------------------
# Webtalk v2018.3 (64-bit)
# SW Build 2405991 on Thu Dec  6 23:38:27 MST 2018
# IP Build 2404404 on Fri Dec  7 01:43:56 MST 2018
# Start of session at: Tue Oct  3 04:33:10 2023
# Process ID: 24296
# Current directory: e:/fpga/project/fixed-and-float/fixed-and-float/prj/xilinx/template.sim/sim_1/behav/xsim
# Command line: wbtcv.exe -mode batch -source e:/fpga/project/fixed-and-float/fixed-and-float/prj/xilinx/template.sim/sim_1/behav/xsim/xsim.dir/tdiv_tb_behav/webtalk/xsim_webtalk.tcl -notrace
# Log file: e:/fpga/project/fixed-and-float/fixed-and-float/prj/xilinx/template.sim/sim_1/behav/xsim/webtalk.log
# Journal file: e:/fpga/project/fixed-and-float/fixed-and-float/prj/xilinx/template.sim/sim_1/behav/xsim\webtalk.jou
#-----------------------------------------------------------
source e:/fpga/project/fixed-and-float/fixed-and-float/prj/xilinx/template.sim/sim_1/behav/xsim/xsim.dir/tdiv_tb_behav/webtalk/xsim_webtalk.tcl -notrace
